[2024-11-14T12:49:25.842+0000][gc,init] CardTable entry size: 512
[2024-11-14T12:49:25.842+0000][gc     ] Using G1
[2024-11-14T12:49:25.848+0000][gc,init] Version: 21.0.4+7-LTS (release)
[2024-11-14T12:49:25.848+0000][gc,init] CPUs: 2 total, 2 available
[2024-11-14T12:49:25.848+0000][gc,init] Memory: 7928M
[2024-11-14T12:49:25.848+0000][gc,init] Large Page Support: Disabled
[2024-11-14T12:49:25.848+0000][gc,init] NUMA Support: Disabled
[2024-11-14T12:49:25.849+0000][gc,init] Compressed Oops: Enabled (32-bit)
[2024-11-14T12:49:25.849+0000][gc,init] Heap Region Size: 1M
[2024-11-14T12:49:25.849+0000][gc,init] Heap Min Capacity: 1G
[2024-11-14T12:49:25.849+0000][gc,init] Heap Initial Capacity: 1G
[2024-11-14T12:49:25.849+0000][gc,init] Heap Max Capacity: 1G
[2024-11-14T12:49:25.849+0000][gc,init] Pre-touch: Disabled
[2024-11-14T12:49:25.849+0000][gc,init] Parallel Workers: 2
[2024-11-14T12:49:25.849+0000][gc,init] Concurrent Workers: 1
[2024-11-14T12:49:25.849+0000][gc,init] Concurrent Refinement Workers: 2
[2024-11-14T12:49:25.849+0000][gc,init] Periodic GC: Disabled
[2024-11-14T12:49:25.855+0000][gc,metaspace] CDS archive(s) mapped at: [0x00007034ab000000-0x00007034abcae000-0x00007034abcae000), size 13295616, SharedBaseAddress: 0x00007034ab000000, ArchiveRelocationMode: 1.
[2024-11-14T12:49:25.855+0000][gc,metaspace] Compressed class space mapped at: 0x00007034ac000000-0x00007034ec000000, reserved size: 1073741824
[2024-11-14T12:49:25.855+0000][gc,metaspace] Narrow klass base: 0x00007034ab000000, Narrow klass shift: 0, Narrow klass range: 0x100000000
[2024-11-14T12:49:27.230+0000][gc,start    ] GC(0) Pause Young (Normal) (G1 Evacuation Pause)
[2024-11-14T12:49:27.231+0000][gc,task     ] GC(0) Using 2 workers of 2 for evacuation
[2024-11-14T12:49:27.244+0000][gc,phases   ] GC(0)   Pre Evacuate Collection Set: 0.3ms
[2024-11-14T12:49:27.244+0000][gc,phases   ] GC(0)   Merge Heap Roots: 0.1ms
[2024-11-14T12:49:27.244+0000][gc,phases   ] GC(0)   Evacuate Collection Set: 12.1ms
[2024-11-14T12:49:27.244+0000][gc,phases   ] GC(0)   Post Evacuate Collection Set: 1.2ms
[2024-11-14T12:49:27.244+0000][gc,phases   ] GC(0)   Other: 0.3ms
[2024-11-14T12:49:27.244+0000][gc,heap     ] GC(0) Eden regions: 51->0(44)
[2024-11-14T12:49:27.244+0000][gc,heap     ] GC(0) Survivor regions: 0->7(7)
[2024-11-14T12:49:27.244+0000][gc,heap     ] GC(0) Old regions: 2->2
[2024-11-14T12:49:27.244+0000][gc,heap     ] GC(0) Humongous regions: 0->0
[2024-11-14T12:49:27.244+0000][gc,metaspace] GC(0) Metaspace: 19846K(20096K)->19846K(20096K) NonClass: 17294K(17408K)->17294K(17408K) Class: 2551K(2688K)->2551K(2688K)
[2024-11-14T12:49:27.244+0000][gc          ] GC(0) Pause Young (Normal) (G1 Evacuation Pause) 52M->8M(1024M) 14.231ms
[2024-11-14T12:49:27.244+0000][gc,cpu      ] GC(0) User=0.02s Sys=0.00s Real=0.02s
[2024-11-14T12:49:27.395+0000][gc,start    ] GC(1) Pause Young (Concurrent Start) (Metadata GC Threshold)
[2024-11-14T12:49:27.395+0000][gc,task     ] GC(1) Using 2 workers of 2 for evacuation
[2024-11-14T12:49:27.412+0000][gc,phases   ] GC(1)   Pre Evacuate Collection Set: 0.2ms
[2024-11-14T12:49:27.412+0000][gc,phases   ] GC(1)   Merge Heap Roots: 0.0ms
[2024-11-14T12:49:27.412+0000][gc,phases   ] GC(1)   Evacuate Collection Set: 16.5ms
[2024-11-14T12:49:27.412+0000][gc,phases   ] GC(1)   Post Evacuate Collection Set: 0.6ms
[2024-11-14T12:49:27.412+0000][gc,phases   ] GC(1)   Other: 0.1ms
[2024-11-14T12:49:27.412+0000][gc,heap     ] GC(1) Eden regions: 7->0(49)
[2024-11-14T12:49:27.412+0000][gc,heap     ] GC(1) Survivor regions: 7->2(7)
[2024-11-14T12:49:27.412+0000][gc,heap     ] GC(1) Old regions: 2->9
[2024-11-14T12:49:27.412+0000][gc,heap     ] GC(1) Humongous regions: 129->129
[2024-11-14T12:49:27.412+0000][gc,metaspace] GC(1) Metaspace: 21276K(21504K)->21276K(21504K) NonClass: 18523K(18624K)->18523K(18624K) Class: 2752K(2880K)->2752K(2880K)
[2024-11-14T12:49:27.412+0000][gc          ] GC(1) Pause Young (Concurrent Start) (Metadata GC Threshold) 143M->138M(1024M) 17.574ms
[2024-11-14T12:49:27.412+0000][gc,cpu      ] GC(1) User=0.01s Sys=0.01s Real=0.02s
[2024-11-14T12:49:27.415+0000][gc          ] GC(2) Concurrent Mark Cycle
[2024-11-14T12:49:27.415+0000][gc,marking  ] GC(2) Concurrent Scan Root Regions
[2024-11-14T12:49:27.425+0000][gc,marking  ] GC(2) Concurrent Scan Root Regions 9.697ms
[2024-11-14T12:49:27.425+0000][gc,marking  ] GC(2) Concurrent Mark
[2024-11-14T12:49:27.425+0000][gc,marking  ] GC(2) Concurrent Mark From Roots
[2024-11-14T12:49:27.425+0000][gc,task     ] GC(2) Using 1 workers of 1 for marking
[2024-11-14T12:49:27.427+0000][gc,marking  ] GC(2) Concurrent Mark From Roots 2.039ms
[2024-11-14T12:49:27.427+0000][gc,marking  ] GC(2) Concurrent Preclean
[2024-11-14T12:49:27.427+0000][gc,marking  ] GC(2) Concurrent Preclean 0.023ms
[2024-11-14T12:49:27.427+0000][gc,start    ] GC(2) Pause Remark
[2024-11-14T12:49:27.432+0000][gc          ] GC(2) Pause Remark 139M->139M(1024M) 4.360ms
[2024-11-14T12:49:27.432+0000][gc,cpu      ] GC(2) User=0.01s Sys=0.00s Real=0.01s
[2024-11-14T12:49:27.432+0000][gc,marking  ] GC(2) Concurrent Mark 6.667ms
[2024-11-14T12:49:27.432+0000][gc,marking  ] GC(2) Concurrent Rebuild Remembered Sets and Scrub Regions
[2024-11-14T12:49:27.435+0000][gc,marking  ] GC(2) Concurrent Rebuild Remembered Sets and Scrub Regions 3.656ms
[2024-11-14T12:49:27.441+0000][gc,start    ] GC(2) Pause Cleanup
[2024-11-14T12:49:27.442+0000][gc          ] GC(2) Pause Cleanup 139M->139M(1024M) 0.452ms
[2024-11-14T12:49:27.442+0000][gc,cpu      ] GC(2) User=0.00s Sys=0.00s Real=0.00s
[2024-11-14T12:49:27.442+0000][gc,marking  ] GC(2) Concurrent Clear Claimed Marks
[2024-11-14T12:49:27.442+0000][gc,marking  ] GC(2) Concurrent Clear Claimed Marks 0.032ms
[2024-11-14T12:49:27.442+0000][gc,marking  ] GC(2) Concurrent Cleanup for Next Mark
[2024-11-14T12:49:27.450+0000][gc,marking  ] GC(2) Concurrent Cleanup for Next Mark 8.619ms
[2024-11-14T12:49:27.450+0000][gc          ] GC(2) Concurrent Mark Cycle 35.125ms
[2024-11-14T12:51:06.605+0000][gc,start    ] GC(3) Pause Young (Prepare Mixed) (G1 Evacuation Pause)
[2024-11-14T12:51:06.605+0000][gc,task     ] GC(3) Using 2 workers of 2 for evacuation
[2024-11-14T12:51:06.616+0000][gc,phases   ] GC(3)   Pre Evacuate Collection Set: 0.2ms
[2024-11-14T12:51:06.616+0000][gc,phases   ] GC(3)   Merge Heap Roots: 0.1ms
[2024-11-14T12:51:06.616+0000][gc,phases   ] GC(3)   Evacuate Collection Set: 10.0ms
[2024-11-14T12:51:06.616+0000][gc,phases   ] GC(3)   Post Evacuate Collection Set: 0.7ms
[2024-11-14T12:51:06.616+0000][gc,phases   ] GC(3)   Other: 0.1ms
[2024-11-14T12:51:06.616+0000][gc,heap     ] GC(3) Eden regions: 49->0(45)
[2024-11-14T12:51:06.616+0000][gc,heap     ] GC(3) Survivor regions: 2->6(7)
[2024-11-14T12:51:06.616+0000][gc,heap     ] GC(3) Old regions: 9->9
[2024-11-14T12:51:06.616+0000][gc,heap     ] GC(3) Humongous regions: 129->129
[2024-11-14T12:51:06.616+0000][gc,metaspace] GC(3) Metaspace: 33604K(33920K)->33604K(33920K) NonClass: 29687K(29888K)->29687K(29888K) Class: 3917K(4032K)->3917K(4032K)
[2024-11-14T12:51:06.616+0000][gc          ] GC(3) Pause Young (Prepare Mixed) (G1 Evacuation Pause) 187M->142M(1024M) 11.316ms
[2024-11-14T12:51:06.616+0000][gc,cpu      ] GC(3) User=0.02s Sys=0.00s Real=0.01s
[2024-11-14T12:51:06.843+0000][gc,start    ] GC(4) Pause Young (Mixed) (Metadata GC Threshold)
[2024-11-14T12:51:06.843+0000][gc,task     ] GC(4) Using 2 workers of 2 for evacuation
[2024-11-14T12:51:06.875+0000][gc,mmu      ] GC(4) MMU target violated: 21.0ms (20.0ms/21.0ms)
[2024-11-14T12:51:06.875+0000][gc,phases   ] GC(4)   Pre Evacuate Collection Set: 0.4ms
[2024-11-14T12:51:06.875+0000][gc,phases   ] GC(4)   Merge Heap Roots: 0.0ms
[2024-11-14T12:51:06.875+0000][gc,phases   ] GC(4)   Evacuate Collection Set: 30.6ms
[2024-11-14T12:51:06.875+0000][gc,phases   ] GC(4)   Post Evacuate Collection Set: 0.8ms
[2024-11-14T12:51:06.875+0000][gc,phases   ] GC(4)   Other: 0.1ms
[2024-11-14T12:51:06.875+0000][gc,heap     ] GC(4) Eden regions: 9->0(50)
[2024-11-14T12:51:06.875+0000][gc,heap     ] GC(4) Survivor regions: 6->1(7)
[2024-11-14T12:51:06.875+0000][gc,heap     ] GC(4) Old regions: 9->14
[2024-11-14T12:51:06.875+0000][gc,heap     ] GC(4) Humongous regions: 129->129
[2024-11-14T12:51:06.875+0000][gc,metaspace] GC(4) Metaspace: 35689K(36096K)->35689K(36096K) NonClass: 31448K(31680K)->31448K(31680K) Class: 4240K(4416K)->4240K(4416K)
[2024-11-14T12:51:06.875+0000][gc          ] GC(4) Pause Young (Mixed) (Metadata GC Threshold) 151M->143M(1024M) 32.059ms
[2024-11-14T12:51:06.875+0000][gc,cpu      ] GC(4) User=0.04s Sys=0.00s Real=0.04s
[2024-11-14T12:51:17.791+0000][gc,start    ] GC(5) Pause Young (Concurrent Start) (Metadata GC Threshold)
[2024-11-14T12:51:17.791+0000][gc,task     ] GC(5) Using 2 workers of 2 for evacuation
[2024-11-14T12:51:17.793+0000][gc,phases   ] GC(5)   Pre Evacuate Collection Set: 0.3ms
[2024-11-14T12:51:17.793+0000][gc,phases   ] GC(5)   Merge Heap Roots: 0.0ms
[2024-11-14T12:51:17.793+0000][gc,phases   ] GC(5)   Evacuate Collection Set: 1.6ms
[2024-11-14T12:51:17.793+0000][gc,phases   ] GC(5)   Post Evacuate Collection Set: 0.3ms
[2024-11-14T12:51:17.793+0000][gc,phases   ] GC(5)   Other: 0.1ms
[2024-11-14T12:51:17.793+0000][gc,heap     ] GC(5) Eden regions: 5->0(50)
[2024-11-14T12:51:17.793+0000][gc,heap     ] GC(5) Survivor regions: 1->1(7)
[2024-11-14T12:51:17.793+0000][gc,heap     ] GC(5) Old regions: 14->14
[2024-11-14T12:51:17.793+0000][gc,heap     ] GC(5) Humongous regions: 129->129
[2024-11-14T12:51:17.793+0000][gc,metaspace] GC(5) Metaspace: 36014K(36416K)->36014K(36416K) NonClass: 31719K(31936K)->31719K(31936K) Class: 4295K(4480K)->4295K(4480K)
[2024-11-14T12:51:17.793+0000][gc          ] GC(5) Pause Young (Concurrent Start) (Metadata GC Threshold) 147M->142M(1024M) 2.426ms
[2024-11-14T12:51:17.793+0000][gc,cpu      ] GC(5) User=0.00s Sys=0.00s Real=0.01s
[2024-11-14T12:51:17.793+0000][gc          ] GC(6) Concurrent Mark Cycle
[2024-11-14T12:51:17.793+0000][gc,marking  ] GC(6) Concurrent Scan Root Regions
[2024-11-14T12:51:17.794+0000][gc,marking  ] GC(6) Concurrent Scan Root Regions 0.905ms
[2024-11-14T12:51:17.794+0000][gc,marking  ] GC(6) Concurrent Mark
[2024-11-14T12:51:17.794+0000][gc,marking  ] GC(6) Concurrent Mark From Roots
[2024-11-14T12:51:17.794+0000][gc,task     ] GC(6) Using 1 workers of 1 for marking
[2024-11-14T12:51:17.815+0000][gc,marking  ] GC(6) Concurrent Mark From Roots 20.780ms
[2024-11-14T12:51:17.815+0000][gc,marking  ] GC(6) Concurrent Preclean
[2024-11-14T12:51:17.815+0000][gc,marking  ] GC(6) Concurrent Preclean 0.050ms
[2024-11-14T12:51:17.815+0000][gc,start    ] GC(6) Pause Remark
[2024-11-14T12:51:17.820+0000][gc          ] GC(6) Pause Remark 143M->143M(1024M) 4.440ms
[2024-11-14T12:51:17.820+0000][gc,cpu      ] GC(6) User=0.00s Sys=0.00s Real=0.00s
[2024-11-14T12:51:17.820+0000][gc,marking  ] GC(6) Concurrent Mark 25.443ms
[2024-11-14T12:51:17.820+0000][gc,marking  ] GC(6) Concurrent Rebuild Remembered Sets and Scrub Regions
[2024-11-14T12:51:17.825+0000][gc,marking  ] GC(6) Concurrent Rebuild Remembered Sets and Scrub Regions 4.845ms
[2024-11-14T12:51:17.825+0000][gc,start    ] GC(6) Pause Cleanup
[2024-11-14T12:51:17.825+0000][gc          ] GC(6) Pause Cleanup 143M->143M(1024M) 0.153ms
[2024-11-14T12:51:17.825+0000][gc,cpu      ] GC(6) User=0.00s Sys=0.00s Real=0.00s
[2024-11-14T12:51:17.825+0000][gc,marking  ] GC(6) Concurrent Clear Claimed Marks
[2024-11-14T12:51:17.825+0000][gc,marking  ] GC(6) Concurrent Clear Claimed Marks 0.039ms
[2024-11-14T12:51:17.825+0000][gc,marking  ] GC(6) Concurrent Cleanup for Next Mark
[2024-11-14T12:51:17.827+0000][gc,marking  ] GC(6) Concurrent Cleanup for Next Mark 1.488ms
[2024-11-14T12:51:17.827+0000][gc          ] GC(6) Concurrent Mark Cycle 33.140ms
[2024-11-14T13:11:51.673+0000][gc,start    ] GC(7) Pause Young (Prepare Mixed) (G1 Evacuation Pause)
[2024-11-14T13:11:51.673+0000][gc,task     ] GC(7) Using 2 workers of 2 for evacuation
[2024-11-14T13:11:51.678+0000][gc,phases   ] GC(7)   Pre Evacuate Collection Set: 0.2ms
[2024-11-14T13:11:51.678+0000][gc,phases   ] GC(7)   Merge Heap Roots: 0.1ms
[2024-11-14T13:11:51.678+0000][gc,phases   ] GC(7)   Evacuate Collection Set: 4.4ms
[2024-11-14T13:11:51.678+0000][gc,phases   ] GC(7)   Post Evacuate Collection Set: 0.4ms
[2024-11-14T13:11:51.678+0000][gc,phases   ] GC(7)   Other: 0.1ms
[2024-11-14T13:11:51.678+0000][gc,heap     ] GC(7) Eden regions: 50->0(48)
[2024-11-14T13:11:51.678+0000][gc,heap     ] GC(7) Survivor regions: 1->3(7)
[2024-11-14T13:11:51.678+0000][gc,heap     ] GC(7) Old regions: 14->14
[2024-11-14T13:11:51.678+0000][gc,heap     ] GC(7) Humongous regions: 129->129
[2024-11-14T13:11:51.678+0000][gc,metaspace] GC(7) Metaspace: 37222K(37696K)->37222K(37696K) NonClass: 32887K(33152K)->32887K(33152K) Class: 4335K(4544K)->4335K(4544K)
[2024-11-14T13:11:51.678+0000][gc          ] GC(7) Pause Young (Prepare Mixed) (G1 Evacuation Pause) 192M->144M(1024M) 5.297ms
[2024-11-14T13:11:51.678+0000][gc,cpu      ] GC(7) User=0.01s Sys=0.00s Real=0.00s
[2024-11-14T13:47:21.008+0000][gc,start    ] GC(8) Pause Young (Mixed) (G1 Evacuation Pause)
[2024-11-14T13:47:21.008+0000][gc,task     ] GC(8) Using 2 workers of 2 for evacuation
[2024-11-14T13:47:21.013+0000][gc,phases   ] GC(8)   Pre Evacuate Collection Set: 0.2ms
[2024-11-14T13:47:21.013+0000][gc,phases   ] GC(8)   Merge Heap Roots: 0.1ms
[2024-11-14T13:47:21.013+0000][gc,phases   ] GC(8)   Evacuate Collection Set: 4.4ms
[2024-11-14T13:47:21.013+0000][gc,phases   ] GC(8)   Post Evacuate Collection Set: 0.5ms
[2024-11-14T13:47:21.013+0000][gc,phases   ] GC(8)   Other: 0.1ms
[2024-11-14T13:47:21.013+0000][gc,heap     ] GC(8) Eden regions: 48->0(48)
[2024-11-14T13:47:21.013+0000][gc,heap     ] GC(8) Survivor regions: 3->3(7)
[2024-11-14T13:47:21.013+0000][gc,heap     ] GC(8) Old regions: 14->13
[2024-11-14T13:47:21.013+0000][gc,heap     ] GC(8) Humongous regions: 129->129
[2024-11-14T13:47:21.013+0000][gc,metaspace] GC(8) Metaspace: 37420K(37888K)->37420K(37888K) NonClass: 33085K(33344K)->33085K(33344K) Class: 4335K(4544K)->4335K(4544K)
[2024-11-14T13:47:21.013+0000][gc          ] GC(8) Pause Young (Mixed) (G1 Evacuation Pause) 192M->144M(1024M) 5.485ms
[2024-11-14T13:47:21.013+0000][gc,cpu      ] GC(8) User=0.00s Sys=0.00s Real=0.01s
[2024-11-14T14:06:41.731+0000][gc,start    ] GC(9) Pause Young (Normal) (G1 Evacuation Pause)
[2024-11-14T14:06:41.731+0000][gc,task     ] GC(9) Using 2 workers of 2 for evacuation
[2024-11-14T14:06:41.737+0000][gc,phases   ] GC(9)   Pre Evacuate Collection Set: 0.2ms
[2024-11-14T14:06:41.737+0000][gc,phases   ] GC(9)   Merge Heap Roots: 0.1ms
[2024-11-14T14:06:41.737+0000][gc,phases   ] GC(9)   Evacuate Collection Set: 5.4ms
[2024-11-14T14:06:41.737+0000][gc,phases   ] GC(9)   Post Evacuate Collection Set: 0.4ms
[2024-11-14T14:06:41.737+0000][gc,phases   ] GC(9)   Other: 0.1ms
[2024-11-14T14:06:41.738+0000][gc,heap     ] GC(9) Eden regions: 48->0(48)
[2024-11-14T14:06:41.738+0000][gc,heap     ] GC(9) Survivor regions: 3->3(7)
[2024-11-14T14:06:41.738+0000][gc,heap     ] GC(9) Old regions: 13->13
[2024-11-14T14:06:41.738+0000][gc,heap     ] GC(9) Humongous regions: 129->129
[2024-11-14T14:06:41.738+0000][gc,metaspace] GC(9) Metaspace: 37656K(38144K)->37656K(38144K) NonClass: 33312K(33600K)->33312K(33600K) Class: 4343K(4544K)->4343K(4544K)
[2024-11-14T14:06:41.738+0000][gc          ] GC(9) Pause Young (Normal) (G1 Evacuation Pause) 192M->144M(1024M) 6.358ms
[2024-11-14T14:06:41.738+0000][gc,cpu      ] GC(9) User=0.00s Sys=0.00s Real=0.00s
[2024-11-14T14:27:11.731+0000][gc,start    ] GC(10) Pause Young (Normal) (G1 Evacuation Pause)
[2024-11-14T14:27:11.731+0000][gc,task     ] GC(10) Using 2 workers of 2 for evacuation
[2024-11-14T14:27:11.737+0000][gc,phases   ] GC(10)   Pre Evacuate Collection Set: 0.3ms
[2024-11-14T14:27:11.737+0000][gc,phases   ] GC(10)   Merge Heap Roots: 0.1ms
[2024-11-14T14:27:11.737+0000][gc,phases   ] GC(10)   Evacuate Collection Set: 4.8ms
[2024-11-14T14:27:11.737+0000][gc,phases   ] GC(10)   Post Evacuate Collection Set: 0.5ms
[2024-11-14T14:27:11.737+0000][gc,phases   ] GC(10)   Other: 0.1ms
[2024-11-14T14:27:11.737+0000][gc,heap     ] GC(10) Eden regions: 48->0(48)
[2024-11-14T14:27:11.737+0000][gc,heap     ] GC(10) Survivor regions: 3->3(7)
[2024-11-14T14:27:11.737+0000][gc,heap     ] GC(10) Old regions: 13->13
[2024-11-14T14:27:11.737+0000][gc,heap     ] GC(10) Humongous regions: 129->129
[2024-11-14T14:27:11.737+0000][gc,metaspace] GC(10) Metaspace: 37927K(38336K)->37927K(38336K) NonClass: 33583K(33792K)->33583K(33792K) Class: 4343K(4544K)->4343K(4544K)
[2024-11-14T14:27:11.737+0000][gc          ] GC(10) Pause Young (Normal) (G1 Evacuation Pause) 192M->144M(1024M) 5.875ms
[2024-11-14T14:27:11.737+0000][gc,cpu      ] GC(10) User=0.01s Sys=0.00s Real=0.00s
