[2024-11-14T16:38:53.137+0000][gc,init] CardTable entry size: 512
[2024-11-14T16:38:53.138+0000][gc     ] Using G1
[2024-11-14T16:38:53.144+0000][gc,init] Version: 21.0.4+7-LTS (release)
[2024-11-14T16:38:53.144+0000][gc,init] CPUs: 2 total, 2 available
[2024-11-14T16:38:53.144+0000][gc,init] Memory: 7928M
[2024-11-14T16:38:53.144+0000][gc,init] Large Page Support: Disabled
[2024-11-14T16:38:53.144+0000][gc,init] NUMA Support: Disabled
[2024-11-14T16:38:53.144+0000][gc,init] Compressed Oops: Enabled (32-bit)
[2024-11-14T16:38:53.144+0000][gc,init] Heap Region Size: 1M
[2024-11-14T16:38:53.144+0000][gc,init] Heap Min Capacity: 1G
[2024-11-14T16:38:53.144+0000][gc,init] Heap Initial Capacity: 1G
[2024-11-14T16:38:53.144+0000][gc,init] Heap Max Capacity: 1G
[2024-11-14T16:38:53.144+0000][gc,init] Pre-touch: Disabled
[2024-11-14T16:38:53.144+0000][gc,init] Parallel Workers: 2
[2024-11-14T16:38:53.144+0000][gc,init] Concurrent Workers: 1
[2024-11-14T16:38:53.144+0000][gc,init] Concurrent Refinement Workers: 2
[2024-11-14T16:38:53.144+0000][gc,init] Periodic GC: Disabled
[2024-11-14T16:38:53.150+0000][gc,metaspace] CDS archive(s) mapped at: [0x00007d2c43000000-0x00007d2c43cae000-0x00007d2c43cae000), size 13295616, SharedBaseAddress: 0x00007d2c43000000, ArchiveRelocationMode: 1.
[2024-11-14T16:38:53.150+0000][gc,metaspace] Compressed class space mapped at: 0x00007d2c44000000-0x00007d2c84000000, reserved size: 1073741824
[2024-11-14T16:38:53.150+0000][gc,metaspace] Narrow klass base: 0x00007d2c43000000, Narrow klass shift: 0, Narrow klass range: 0x100000000
[2024-11-14T16:38:55.226+0000][gc,start    ] GC(0) Pause Young (Normal) (GCLocker Initiated GC)
[2024-11-14T16:38:55.226+0000][gc,task     ] GC(0) Using 2 workers of 2 for evacuation
[2024-11-14T16:38:55.261+0000][gc,mmu      ] GC(0) MMU target violated: 21.0ms (20.0ms/21.0ms)
[2024-11-14T16:38:55.261+0000][gc,phases   ] GC(0)   Pre Evacuate Collection Set: 0.3ms
[2024-11-14T16:38:55.261+0000][gc,phases   ] GC(0)   Merge Heap Roots: 0.1ms
[2024-11-14T16:38:55.261+0000][gc,phases   ] GC(0)   Evacuate Collection Set: 30.4ms
[2024-11-14T16:38:55.261+0000][gc,phases   ] GC(0)   Post Evacuate Collection Set: 4.4ms
[2024-11-14T16:38:55.261+0000][gc,phases   ] GC(0)   Other: 0.3ms
[2024-11-14T16:38:55.261+0000][gc,heap     ] GC(0) Eden regions: 51->0(44)
[2024-11-14T16:38:55.261+0000][gc,heap     ] GC(0) Survivor regions: 0->7(7)
[2024-11-14T16:38:55.261+0000][gc,heap     ] GC(0) Old regions: 2->2
[2024-11-14T16:38:55.261+0000][gc,heap     ] GC(0) Humongous regions: 0->0
[2024-11-14T16:38:55.261+0000][gc,metaspace] GC(0) Metaspace: 19846K(20096K)->19846K(20096K) NonClass: 17296K(17472K)->17296K(17472K) Class: 2550K(2624K)->2550K(2624K)
[2024-11-14T16:38:55.261+0000][gc          ] GC(0) Pause Young (Normal) (GCLocker Initiated GC) 52M->8M(1024M) 35.718ms
[2024-11-14T16:38:55.261+0000][gc,cpu      ] GC(0) User=0.02s Sys=0.00s Real=0.04s
[2024-11-14T16:38:55.724+0000][gc,start    ] GC(1) Pause Young (Concurrent Start) (Metadata GC Threshold)
[2024-11-14T16:38:55.724+0000][gc,task     ] GC(1) Using 2 workers of 2 for evacuation
[2024-11-14T16:38:55.771+0000][gc,mmu      ] GC(1) MMU target violated: 21.0ms (20.0ms/21.0ms)
[2024-11-14T16:38:55.771+0000][gc,phases   ] GC(1)   Pre Evacuate Collection Set: 3.5ms
[2024-11-14T16:38:55.771+0000][gc,phases   ] GC(1)   Merge Heap Roots: 0.0ms
[2024-11-14T16:38:55.771+0000][gc,phases   ] GC(1)   Evacuate Collection Set: 42.7ms
[2024-11-14T16:38:55.771+0000][gc,phases   ] GC(1)   Post Evacuate Collection Set: 0.4ms
[2024-11-14T16:38:55.771+0000][gc,phases   ] GC(1)   Other: 0.1ms
[2024-11-14T16:38:55.771+0000][gc,heap     ] GC(1) Eden regions: 7->0(49)
[2024-11-14T16:38:55.771+0000][gc,heap     ] GC(1) Survivor regions: 7->2(7)
[2024-11-14T16:38:55.771+0000][gc,heap     ] GC(1) Old regions: 2->9
[2024-11-14T16:38:55.771+0000][gc,heap     ] GC(1) Humongous regions: 129->129
[2024-11-14T16:38:55.771+0000][gc,metaspace] GC(1) Metaspace: 21298K(21504K)->21298K(21504K) NonClass: 18546K(18624K)->18546K(18624K) Class: 2751K(2880K)->2751K(2880K)
[2024-11-14T16:38:55.771+0000][gc          ] GC(1) Pause Young (Concurrent Start) (Metadata GC Threshold) 143M->138M(1024M) 46.966ms
[2024-11-14T16:38:55.771+0000][gc,cpu      ] GC(1) User=0.02s Sys=0.00s Real=0.04s
[2024-11-14T16:38:55.771+0000][gc          ] GC(2) Concurrent Mark Cycle
[2024-11-14T16:38:55.771+0000][gc,marking  ] GC(2) Concurrent Scan Root Regions
[2024-11-14T16:38:55.775+0000][gc,marking  ] GC(2) Concurrent Scan Root Regions 3.884ms
[2024-11-14T16:38:55.775+0000][gc,marking  ] GC(2) Concurrent Mark
[2024-11-14T16:38:55.775+0000][gc,marking  ] GC(2) Concurrent Mark From Roots
[2024-11-14T16:38:55.775+0000][gc,task     ] GC(2) Using 1 workers of 1 for marking
[2024-11-14T16:38:55.785+0000][gc,marking  ] GC(2) Concurrent Mark From Roots 9.739ms
[2024-11-14T16:38:55.785+0000][gc,marking  ] GC(2) Concurrent Preclean
[2024-11-14T16:38:55.785+0000][gc,marking  ] GC(2) Concurrent Preclean 0.010ms
[2024-11-14T16:38:55.785+0000][gc,start    ] GC(2) Pause Remark
[2024-11-14T16:38:55.788+0000][gc          ] GC(2) Pause Remark 139M->139M(1024M) 2.469ms
[2024-11-14T16:38:55.788+0000][gc,cpu      ] GC(2) User=0.00s Sys=0.00s Real=0.00s
[2024-11-14T16:38:55.788+0000][gc,marking  ] GC(2) Concurrent Mark 12.660ms
[2024-11-14T16:38:55.788+0000][gc,marking  ] GC(2) Concurrent Rebuild Remembered Sets and Scrub Regions
[2024-11-14T16:38:55.792+0000][gc,marking  ] GC(2) Concurrent Rebuild Remembered Sets and Scrub Regions 3.650ms
[2024-11-14T16:38:55.794+0000][gc,start    ] GC(2) Pause Cleanup
[2024-11-14T16:38:55.795+0000][gc          ] GC(2) Pause Cleanup 139M->139M(1024M) 0.309ms
[2024-11-14T16:38:55.795+0000][gc,cpu      ] GC(2) User=0.00s Sys=0.00s Real=0.00s
[2024-11-14T16:38:55.795+0000][gc,marking  ] GC(2) Concurrent Clear Claimed Marks
[2024-11-14T16:38:55.795+0000][gc,marking  ] GC(2) Concurrent Clear Claimed Marks 0.016ms
[2024-11-14T16:38:55.795+0000][gc,marking  ] GC(2) Concurrent Cleanup for Next Mark
[2024-11-14T16:38:55.823+0000][gc,marking  ] GC(2) Concurrent Cleanup for Next Mark 28.628ms
[2024-11-14T16:38:55.823+0000][gc          ] GC(2) Concurrent Mark Cycle 51.849ms
[2024-11-14T16:40:28.234+0000][gc,start    ] GC(3) Pause Young (Prepare Mixed) (G1 Evacuation Pause)
[2024-11-14T16:40:28.234+0000][gc,task     ] GC(3) Using 2 workers of 2 for evacuation
[2024-11-14T16:40:28.241+0000][gc,phases   ] GC(3)   Pre Evacuate Collection Set: 0.2ms
[2024-11-14T16:40:28.241+0000][gc,phases   ] GC(3)   Merge Heap Roots: 0.0ms
[2024-11-14T16:40:28.241+0000][gc,phases   ] GC(3)   Evacuate Collection Set: 6.5ms
[2024-11-14T16:40:28.241+0000][gc,phases   ] GC(3)   Post Evacuate Collection Set: 0.5ms
[2024-11-14T16:40:28.241+0000][gc,phases   ] GC(3)   Other: 0.1ms
[2024-11-14T16:40:28.241+0000][gc,heap     ] GC(3) Eden regions: 49->0(45)
[2024-11-14T16:40:28.241+0000][gc,heap     ] GC(3) Survivor regions: 2->6(7)
[2024-11-14T16:40:28.241+0000][gc,heap     ] GC(3) Old regions: 9->9
[2024-11-14T16:40:28.241+0000][gc,heap     ] GC(3) Humongous regions: 129->129
[2024-11-14T16:40:28.241+0000][gc,metaspace] GC(3) Metaspace: 33785K(34112K)->33785K(34112K) NonClass: 29837K(30016K)->29837K(30016K) Class: 3948K(4096K)->3948K(4096K)
[2024-11-14T16:40:28.241+0000][gc          ] GC(3) Pause Young (Prepare Mixed) (G1 Evacuation Pause) 187M->142M(1024M) 7.523ms
[2024-11-14T16:40:28.241+0000][gc,cpu      ] GC(3) User=0.01s Sys=0.00s Real=0.01s
[2024-11-14T16:40:28.461+0000][gc,start    ] GC(4) Pause Young (Mixed) (Metadata GC Threshold)
[2024-11-14T16:40:28.461+0000][gc,task     ] GC(4) Using 2 workers of 2 for evacuation
[2024-11-14T16:40:28.470+0000][gc,phases   ] GC(4)   Pre Evacuate Collection Set: 0.2ms
[2024-11-14T16:40:28.470+0000][gc,phases   ] GC(4)   Merge Heap Roots: 0.0ms
[2024-11-14T16:40:28.470+0000][gc,phases   ] GC(4)   Evacuate Collection Set: 7.6ms
[2024-11-14T16:40:28.470+0000][gc,phases   ] GC(4)   Post Evacuate Collection Set: 0.7ms
[2024-11-14T16:40:28.470+0000][gc,phases   ] GC(4)   Other: 0.1ms
[2024-11-14T16:40:28.470+0000][gc,heap     ] GC(4) Eden regions: 9->0(50)
[2024-11-14T16:40:28.470+0000][gc,heap     ] GC(4) Survivor regions: 6->1(7)
[2024-11-14T16:40:28.470+0000][gc,heap     ] GC(4) Old regions: 9->14
[2024-11-14T16:40:28.470+0000][gc,heap     ] GC(4) Humongous regions: 129->129
[2024-11-14T16:40:28.470+0000][gc,metaspace] GC(4) Metaspace: 35692K(36096K)->35692K(36096K) NonClass: 31457K(31680K)->31457K(31680K) Class: 4234K(4416K)->4234K(4416K)
[2024-11-14T16:40:28.470+0000][gc          ] GC(4) Pause Young (Mixed) (Metadata GC Threshold) 150M->143M(1024M) 8.844ms
[2024-11-14T16:40:28.470+0000][gc,cpu      ] GC(4) User=0.00s Sys=0.00s Real=0.01s
[2024-11-14T16:41:11.557+0000][gc,start    ] GC(5) Pause Young (Concurrent Start) (Metadata GC Threshold)
[2024-11-14T16:41:11.557+0000][gc,task     ] GC(5) Using 2 workers of 2 for evacuation
[2024-11-14T16:41:11.560+0000][gc,phases   ] GC(5)   Pre Evacuate Collection Set: 0.3ms
[2024-11-14T16:41:11.560+0000][gc,phases   ] GC(5)   Merge Heap Roots: 0.1ms
[2024-11-14T16:41:11.560+0000][gc,phases   ] GC(5)   Evacuate Collection Set: 2.2ms
[2024-11-14T16:41:11.560+0000][gc,phases   ] GC(5)   Post Evacuate Collection Set: 0.3ms
[2024-11-14T16:41:11.560+0000][gc,phases   ] GC(5)   Other: 0.2ms
[2024-11-14T16:41:11.560+0000][gc,heap     ] GC(5) Eden regions: 5->0(50)
[2024-11-14T16:41:11.560+0000][gc,heap     ] GC(5) Survivor regions: 1->1(7)
[2024-11-14T16:41:11.560+0000][gc,heap     ] GC(5) Old regions: 14->14
[2024-11-14T16:41:11.560+0000][gc,heap     ] GC(5) Humongous regions: 129->129
[2024-11-14T16:41:11.560+0000][gc,metaspace] GC(5) Metaspace: 36014K(36416K)->36014K(36416K) NonClass: 31723K(31936K)->31723K(31936K) Class: 4290K(4480K)->4290K(4480K)
[2024-11-14T16:41:11.560+0000][gc          ] GC(5) Pause Young (Concurrent Start) (Metadata GC Threshold) 147M->142M(1024M) 3.458ms
[2024-11-14T16:41:11.560+0000][gc,cpu      ] GC(5) User=0.00s Sys=0.00s Real=0.00s
[2024-11-14T16:41:11.560+0000][gc          ] GC(6) Concurrent Mark Cycle
[2024-11-14T16:41:11.560+0000][gc,marking  ] GC(6) Concurrent Scan Root Regions
[2024-11-14T16:41:11.561+0000][gc,marking  ] GC(6) Concurrent Scan Root Regions 1.145ms
[2024-11-14T16:41:11.562+0000][gc,marking  ] GC(6) Concurrent Mark
[2024-11-14T16:41:11.562+0000][gc,marking  ] GC(6) Concurrent Mark From Roots
[2024-11-14T16:41:11.562+0000][gc,task     ] GC(6) Using 1 workers of 1 for marking
[2024-11-14T16:41:11.581+0000][gc,marking  ] GC(6) Concurrent Mark From Roots 19.660ms
[2024-11-14T16:41:11.581+0000][gc,marking  ] GC(6) Concurrent Preclean
[2024-11-14T16:41:11.582+0000][gc,marking  ] GC(6) Concurrent Preclean 0.128ms
[2024-11-14T16:41:11.582+0000][gc,start    ] GC(6) Pause Remark
[2024-11-14T16:41:11.585+0000][gc          ] GC(6) Pause Remark 144M->144M(1024M) 3.384ms
[2024-11-14T16:41:11.585+0000][gc,cpu      ] GC(6) User=0.01s Sys=0.00s Real=0.00s
[2024-11-14T16:41:11.585+0000][gc,marking  ] GC(6) Concurrent Mark 23.952ms
[2024-11-14T16:41:11.585+0000][gc,marking  ] GC(6) Concurrent Rebuild Remembered Sets and Scrub Regions
[2024-11-14T16:41:11.595+0000][gc,marking  ] GC(6) Concurrent Rebuild Remembered Sets and Scrub Regions 9.336ms
[2024-11-14T16:41:11.595+0000][gc,start    ] GC(6) Pause Cleanup
[2024-11-14T16:41:11.595+0000][gc          ] GC(6) Pause Cleanup 144M->144M(1024M) 0.183ms
[2024-11-14T16:41:11.595+0000][gc,cpu      ] GC(6) User=0.00s Sys=0.00s Real=0.00s
[2024-11-14T16:41:11.595+0000][gc,marking  ] GC(6) Concurrent Clear Claimed Marks
[2024-11-14T16:41:11.595+0000][gc,marking  ] GC(6) Concurrent Clear Claimed Marks 0.025ms
[2024-11-14T16:41:11.595+0000][gc,marking  ] GC(6) Concurrent Cleanup for Next Mark
[2024-11-14T16:41:11.597+0000][gc,marking  ] GC(6) Concurrent Cleanup for Next Mark 1.513ms
[2024-11-14T16:41:11.597+0000][gc          ] GC(6) Concurrent Mark Cycle 36.578ms
