[2024-11-14T09:33:56.235+0000][gc,init] CardTable entry size: 512
[2024-11-14T09:33:56.235+0000][gc     ] Using G1
[2024-11-14T09:33:56.241+0000][gc,init] Version: 21.0.4+7-LTS (release)
[2024-11-14T09:33:56.241+0000][gc,init] CPUs: 2 total, 2 available
[2024-11-14T09:33:56.241+0000][gc,init] Memory: 7928M
[2024-11-14T09:33:56.241+0000][gc,init] Large Page Support: Disabled
[2024-11-14T09:33:56.241+0000][gc,init] NUMA Support: Disabled
[2024-11-14T09:33:56.241+0000][gc,init] Compressed Oops: Enabled (32-bit)
[2024-11-14T09:33:56.241+0000][gc,init] Heap Region Size: 1M
[2024-11-14T09:33:56.242+0000][gc,init] Heap Min Capacity: 1G
[2024-11-14T09:33:56.242+0000][gc,init] Heap Initial Capacity: 1G
[2024-11-14T09:33:56.242+0000][gc,init] Heap Max Capacity: 1G
[2024-11-14T09:33:56.242+0000][gc,init] Pre-touch: Disabled
[2024-11-14T09:33:56.242+0000][gc,init] Parallel Workers: 2
[2024-11-14T09:33:56.242+0000][gc,init] Concurrent Workers: 1
[2024-11-14T09:33:56.242+0000][gc,init] Concurrent Refinement Workers: 2
[2024-11-14T09:33:56.242+0000][gc,init] Periodic GC: Disabled
[2024-11-14T09:33:56.248+0000][gc,metaspace] CDS archive(s) mapped at: [0x00007c5dfb000000-0x00007c5dfbcae000-0x00007c5dfbcae000), size 13295616, SharedBaseAddress: 0x00007c5dfb000000, ArchiveRelocationMode: 1.
[2024-11-14T09:33:56.249+0000][gc,metaspace] Compressed class space mapped at: 0x00007c5dfc000000-0x00007c5e3c000000, reserved size: 1073741824
[2024-11-14T09:33:56.249+0000][gc,metaspace] Narrow klass base: 0x00007c5dfb000000, Narrow klass shift: 0, Narrow klass range: 0x100000000
[2024-11-14T09:33:57.539+0000][gc,start    ] GC(0) Pause Young (Normal) (G1 Evacuation Pause)
[2024-11-14T09:33:57.539+0000][gc,task     ] GC(0) Using 2 workers of 2 for evacuation
[2024-11-14T09:33:57.550+0000][gc,phases   ] GC(0)   Pre Evacuate Collection Set: 0.2ms
[2024-11-14T09:33:57.550+0000][gc,phases   ] GC(0)   Merge Heap Roots: 0.1ms
[2024-11-14T09:33:57.550+0000][gc,phases   ] GC(0)   Evacuate Collection Set: 10.1ms
[2024-11-14T09:33:57.550+0000][gc,phases   ] GC(0)   Post Evacuate Collection Set: 0.5ms
[2024-11-14T09:33:57.550+0000][gc,phases   ] GC(0)   Other: 0.2ms
[2024-11-14T09:33:57.550+0000][gc,heap     ] GC(0) Eden regions: 51->0(44)
[2024-11-14T09:33:57.550+0000][gc,heap     ] GC(0) Survivor regions: 0->7(7)
[2024-11-14T09:33:57.550+0000][gc,heap     ] GC(0) Old regions: 2->3
[2024-11-14T09:33:57.550+0000][gc,heap     ] GC(0) Humongous regions: 0->0
[2024-11-14T09:33:57.550+0000][gc,metaspace] GC(0) Metaspace: 19791K(20032K)->19791K(20032K) NonClass: 17242K(17408K)->17242K(17408K) Class: 2548K(2624K)->2548K(2624K)
[2024-11-14T09:33:57.550+0000][gc          ] GC(0) Pause Young (Normal) (G1 Evacuation Pause) 52M->8M(1024M) 11.229ms
[2024-11-14T09:33:57.550+0000][gc,cpu      ] GC(0) User=0.01s Sys=0.00s Real=0.02s
[2024-11-14T09:33:57.681+0000][gc,start    ] GC(1) Pause Young (Concurrent Start) (Metadata GC Threshold)
[2024-11-14T09:33:57.681+0000][gc,task     ] GC(1) Using 2 workers of 2 for evacuation
[2024-11-14T09:33:57.691+0000][gc,phases   ] GC(1)   Pre Evacuate Collection Set: 0.3ms
[2024-11-14T09:33:57.691+0000][gc,phases   ] GC(1)   Merge Heap Roots: 0.0ms
[2024-11-14T09:33:57.691+0000][gc,phases   ] GC(1)   Evacuate Collection Set: 8.9ms
[2024-11-14T09:33:57.691+0000][gc,phases   ] GC(1)   Post Evacuate Collection Set: 0.4ms
[2024-11-14T09:33:57.691+0000][gc,phases   ] GC(1)   Other: 0.1ms
[2024-11-14T09:33:57.691+0000][gc,heap     ] GC(1) Eden regions: 6->0(49)
[2024-11-14T09:33:57.691+0000][gc,heap     ] GC(1) Survivor regions: 7->2(7)
[2024-11-14T09:33:57.691+0000][gc,heap     ] GC(1) Old regions: 3->10
[2024-11-14T09:33:57.691+0000][gc,heap     ] GC(1) Humongous regions: 129->129
[2024-11-14T09:33:57.691+0000][gc,metaspace] GC(1) Metaspace: 21242K(21504K)->21242K(21504K) NonClass: 18491K(18624K)->18491K(18624K) Class: 2750K(2880K)->2750K(2880K)
[2024-11-14T09:33:57.691+0000][gc          ] GC(1) Pause Young (Concurrent Start) (Metadata GC Threshold) 142M->138M(1024M) 9.867ms
[2024-11-14T09:33:57.691+0000][gc,cpu      ] GC(1) User=0.01s Sys=0.01s Real=0.01s
[2024-11-14T09:33:57.691+0000][gc          ] GC(2) Concurrent Mark Cycle
[2024-11-14T09:33:57.691+0000][gc,marking  ] GC(2) Concurrent Scan Root Regions
[2024-11-14T09:33:57.695+0000][gc,marking  ] GC(2) Concurrent Scan Root Regions 3.832ms
[2024-11-14T09:33:57.695+0000][gc,marking  ] GC(2) Concurrent Mark
[2024-11-14T09:33:57.695+0000][gc,marking  ] GC(2) Concurrent Mark From Roots
[2024-11-14T09:33:57.695+0000][gc,task     ] GC(2) Using 1 workers of 1 for marking
[2024-11-14T09:33:57.697+0000][gc,marking  ] GC(2) Concurrent Mark From Roots 2.149ms
[2024-11-14T09:33:57.697+0000][gc,marking  ] GC(2) Concurrent Preclean
[2024-11-14T09:33:57.697+0000][gc,marking  ] GC(2) Concurrent Preclean 0.009ms
[2024-11-14T09:33:57.697+0000][gc,start    ] GC(2) Pause Remark
[2024-11-14T09:33:57.700+0000][gc          ] GC(2) Pause Remark 139M->139M(1024M) 2.728ms
[2024-11-14T09:33:57.700+0000][gc,cpu      ] GC(2) User=0.01s Sys=0.00s Real=0.00s
[2024-11-14T09:33:57.700+0000][gc,marking  ] GC(2) Concurrent Mark 5.217ms
[2024-11-14T09:33:57.700+0000][gc,marking  ] GC(2) Concurrent Rebuild Remembered Sets and Scrub Regions
[2024-11-14T09:33:57.703+0000][gc,marking  ] GC(2) Concurrent Rebuild Remembered Sets and Scrub Regions 3.371ms
[2024-11-14T09:33:57.703+0000][gc,start    ] GC(2) Pause Cleanup
[2024-11-14T09:33:57.704+0000][gc          ] GC(2) Pause Cleanup 139M->139M(1024M) 0.146ms
[2024-11-14T09:33:57.704+0000][gc,cpu      ] GC(2) User=0.00s Sys=0.00s Real=0.00s
[2024-11-14T09:33:57.704+0000][gc,marking  ] GC(2) Concurrent Clear Claimed Marks
[2024-11-14T09:33:57.704+0000][gc,marking  ] GC(2) Concurrent Clear Claimed Marks 0.011ms
[2024-11-14T09:33:57.704+0000][gc,marking  ] GC(2) Concurrent Cleanup for Next Mark
[2024-11-14T09:33:57.731+0000][gc,marking  ] GC(2) Concurrent Cleanup for Next Mark 27.140ms
[2024-11-14T09:33:57.731+0000][gc          ] GC(2) Concurrent Mark Cycle 40.043ms
[2024-11-14T09:39:27.681+0000][gc,start    ] GC(3) Pause Young (Prepare Mixed) (G1 Evacuation Pause)
[2024-11-14T09:39:27.681+0000][gc,task     ] GC(3) Using 2 workers of 2 for evacuation
[2024-11-14T09:39:27.688+0000][gc,phases   ] GC(3)   Pre Evacuate Collection Set: 0.2ms
[2024-11-14T09:39:27.688+0000][gc,phases   ] GC(3)   Merge Heap Roots: 0.1ms
[2024-11-14T09:39:27.688+0000][gc,phases   ] GC(3)   Evacuate Collection Set: 6.6ms
[2024-11-14T09:39:27.688+0000][gc,phases   ] GC(3)   Post Evacuate Collection Set: 0.5ms
[2024-11-14T09:39:27.688+0000][gc,phases   ] GC(3)   Other: 0.1ms
[2024-11-14T09:39:27.688+0000][gc,heap     ] GC(3) Eden regions: 49->0(46)
[2024-11-14T09:39:27.688+0000][gc,heap     ] GC(3) Survivor regions: 2->5(7)
[2024-11-14T09:39:27.688+0000][gc,heap     ] GC(3) Old regions: 10->10
[2024-11-14T09:39:27.688+0000][gc,heap     ] GC(3) Humongous regions: 129->129
[2024-11-14T09:39:27.688+0000][gc,metaspace] GC(3) Metaspace: 33240K(33600K)->33240K(33600K) NonClass: 29410K(29632K)->29410K(29632K) Class: 3830K(3968K)->3830K(3968K)
[2024-11-14T09:39:27.688+0000][gc          ] GC(3) Pause Young (Prepare Mixed) (G1 Evacuation Pause) 187M->142M(1024M) 7.611ms
[2024-11-14T09:39:27.688+0000][gc,cpu      ] GC(3) User=0.01s Sys=0.01s Real=0.01s
[2024-11-14T10:08:52.015+0000][gc,start    ] GC(4) Pause Young (Mixed) (Metadata GC Threshold)
[2024-11-14T10:08:52.015+0000][gc,task     ] GC(4) Using 2 workers of 2 for evacuation
[2024-11-14T10:08:52.023+0000][gc,phases   ] GC(4)   Pre Evacuate Collection Set: 0.2ms
[2024-11-14T10:08:52.023+0000][gc,phases   ] GC(4)   Merge Heap Roots: 0.0ms
[2024-11-14T10:08:52.023+0000][gc,phases   ] GC(4)   Evacuate Collection Set: 7.2ms
[2024-11-14T10:08:52.023+0000][gc,phases   ] GC(4)   Post Evacuate Collection Set: 0.5ms
[2024-11-14T10:08:52.023+0000][gc,phases   ] GC(4)   Other: 0.1ms
[2024-11-14T10:08:52.023+0000][gc,heap     ] GC(4) Eden regions: 26->0(50)
[2024-11-14T10:08:52.023+0000][gc,heap     ] GC(4) Survivor regions: 5->1(7)
[2024-11-14T10:08:52.023+0000][gc,heap     ] GC(4) Old regions: 10->14
[2024-11-14T10:08:52.023+0000][gc,heap     ] GC(4) Humongous regions: 129->129
[2024-11-14T10:08:52.023+0000][gc,metaspace] GC(4) Metaspace: 35735K(36096K)->35735K(36096K) NonClass: 31516K(31744K)->31516K(31744K) Class: 4218K(4352K)->4218K(4352K)
[2024-11-14T10:08:52.023+0000][gc          ] GC(4) Pause Young (Mixed) (Metadata GC Threshold) 167M->143M(1024M) 8.234ms
[2024-11-14T10:08:52.023+0000][gc,cpu      ] GC(4) User=0.02s Sys=0.00s Real=0.01s
[2024-11-14T10:09:05.840+0000][gc,start    ] GC(5) Pause Young (Concurrent Start) (Metadata GC Threshold)
[2024-11-14T10:09:05.840+0000][gc,task     ] GC(5) Using 2 workers of 2 for evacuation
[2024-11-14T10:09:05.847+0000][gc,phases   ] GC(5)   Pre Evacuate Collection Set: 0.3ms
[2024-11-14T10:09:05.847+0000][gc,phases   ] GC(5)   Merge Heap Roots: 0.0ms
[2024-11-14T10:09:05.847+0000][gc,phases   ] GC(5)   Evacuate Collection Set: 5.0ms
[2024-11-14T10:09:05.847+0000][gc,phases   ] GC(5)   Post Evacuate Collection Set: 1.2ms
[2024-11-14T10:09:05.847+0000][gc,phases   ] GC(5)   Other: 0.1ms
[2024-11-14T10:09:05.847+0000][gc,heap     ] GC(5) Eden regions: 4->0(50)
[2024-11-14T10:09:05.847+0000][gc,heap     ] GC(5) Survivor regions: 1->1(7)
[2024-11-14T10:09:05.847+0000][gc,heap     ] GC(5) Old regions: 14->14
[2024-11-14T10:09:05.847+0000][gc,heap     ] GC(5) Humongous regions: 129->129
[2024-11-14T10:09:05.847+0000][gc,metaspace] GC(5) Metaspace: 36003K(36416K)->36003K(36416K) NonClass: 31717K(31936K)->31717K(31936K) Class: 4286K(4480K)->4286K(4480K)
[2024-11-14T10:09:05.847+0000][gc          ] GC(5) Pause Young (Concurrent Start) (Metadata GC Threshold) 147M->143M(1024M) 6.757ms
[2024-11-14T10:09:05.847+0000][gc,cpu      ] GC(5) User=0.00s Sys=0.00s Real=0.00s
[2024-11-14T10:09:05.850+0000][gc          ] GC(6) Concurrent Mark Cycle
[2024-11-14T10:09:05.850+0000][gc,marking  ] GC(6) Concurrent Scan Root Regions
[2024-11-14T10:09:05.851+0000][gc,marking  ] GC(6) Concurrent Scan Root Regions 1.138ms
[2024-11-14T10:09:05.851+0000][gc,marking  ] GC(6) Concurrent Mark
[2024-11-14T10:09:05.851+0000][gc,marking  ] GC(6) Concurrent Mark From Roots
[2024-11-14T10:09:05.851+0000][gc,task     ] GC(6) Using 1 workers of 1 for marking
[2024-11-14T10:09:05.889+0000][gc,marking  ] GC(6) Concurrent Mark From Roots 38.286ms
[2024-11-14T10:09:05.889+0000][gc,marking  ] GC(6) Concurrent Preclean
[2024-11-14T10:09:05.889+0000][gc,marking  ] GC(6) Concurrent Preclean 0.145ms
[2024-11-14T10:09:05.890+0000][gc,start    ] GC(6) Pause Remark
[2024-11-14T10:09:05.896+0000][gc          ] GC(6) Pause Remark 144M->144M(1024M) 5.842ms
[2024-11-14T10:09:05.896+0000][gc,cpu      ] GC(6) User=0.01s Sys=0.00s Real=0.00s
[2024-11-14T10:09:05.896+0000][gc,marking  ] GC(6) Concurrent Mark 45.157ms
[2024-11-14T10:09:05.896+0000][gc,marking  ] GC(6) Concurrent Rebuild Remembered Sets and Scrub Regions
[2024-11-14T10:09:05.918+0000][gc,marking  ] GC(6) Concurrent Rebuild Remembered Sets and Scrub Regions 21.683ms
[2024-11-14T10:09:05.918+0000][gc,start    ] GC(6) Pause Cleanup
[2024-11-14T10:09:05.918+0000][gc          ] GC(6) Pause Cleanup 145M->145M(1024M) 0.143ms
[2024-11-14T10:09:05.918+0000][gc,cpu      ] GC(6) User=0.00s Sys=0.00s Real=0.00s
[2024-11-14T10:09:05.918+0000][gc,marking  ] GC(6) Concurrent Clear Claimed Marks
[2024-11-14T10:09:05.918+0000][gc,marking  ] GC(6) Concurrent Clear Claimed Marks 0.031ms
[2024-11-14T10:09:05.918+0000][gc,marking  ] GC(6) Concurrent Cleanup for Next Mark
[2024-11-14T10:09:05.921+0000][gc,marking  ] GC(6) Concurrent Cleanup for Next Mark 2.585ms
[2024-11-14T10:09:05.921+0000][gc          ] GC(6) Concurrent Mark Cycle 71.020ms
